// Jest Snapshot v1, https://goo.gl/fbAQLP

exports[`App should render without issues renders correctly 1`] = `null`;
