// Jest Snapshot v1, https://goo.gl/fbAQLP

exports[`Playlists component should render without issues component renders correctly 1`] = `
<h1>
  Loading...
</h1>
`;
